17-May-2025 06:45:23.030 INFO [main] org.apache.catalina.startup.VersionLoggerListener.log Server version name:   Apache Tomcat/10.0.7
17-May-2025 06:45:23.035 INFO [main] org.apache.catalina.startup.VersionLoggerListener.log Server built:          Jun 8 2021 16:31:06 UTC
17-May-2025 06:45:23.035 INFO [main] org.apache.catalina.startup.VersionLoggerListener.log Server version number: 10.0.7.0
17-May-2025 06:45:23.035 INFO [main] org.apache.catalina.startup.VersionLoggerListener.log OS Name:               Linux
17-May-2025 06:45:23.035 INFO [main] org.apache.catalina.startup.VersionLoggerListener.log OS Version:            5.15.167.4-microsoft-standard-WSL2
17-May-2025 06:45:23.035 INFO [main] org.apache.catalina.startup.VersionLoggerListener.log Architecture:          amd64
17-May-2025 06:45:23.035 INFO [main] org.apache.catalina.startup.VersionLoggerListener.log Java Home:             /usr/local/openjdk-11
17-May-2025 06:45:23.035 INFO [main] org.apache.catalina.startup.VersionLoggerListener.log JVM Version:           11.0.11+9
17-May-2025 06:45:23.035 INFO [main] org.apache.catalina.startup.VersionLoggerListener.log JVM Vendor:            Oracle Corporation
17-May-2025 06:45:23.036 INFO [main] org.apache.catalina.startup.VersionLoggerListener.log CATALINA_BASE:         /usr/local/tomcat
17-May-2025 06:45:23.036 INFO [main] org.apache.catalina.startup.VersionLoggerListener.log CATALINA_HOME:         /usr/local/tomcat
17-May-2025 06:45:23.053 INFO [main] org.apache.catalina.startup.VersionLoggerListener.log Command line argument: -Djava.util.logging.config.file=/usr/local/tomcat/conf/logging.properties
17-May-2025 06:45:23.053 INFO [main] org.apache.catalina.startup.VersionLoggerListener.log Command line argument: -Djava.util.logging.manager=org.apache.juli.ClassLoaderLogManager
17-May-2025 06:45:23.054 INFO [main] org.apache.catalina.startup.VersionLoggerListener.log Command line argument: -javaagent:/kieker/agent/agent.jar
17-May-2025 06:45:23.054 INFO [main] org.apache.catalina.startup.VersionLoggerListener.log Command line argument: --add-opens=java.base/java.lang=ALL-UNNAMED
17-May-2025 06:45:23.054 INFO [main] org.apache.catalina.startup.VersionLoggerListener.log Command line argument: -Dkieker.monitoring.configuration=/kieker/config/kieker.monitoring.properties
17-May-2025 06:45:23.054 INFO [main] org.apache.catalina.startup.VersionLoggerListener.log Command line argument: -Daj.weaving.verbose=false
17-May-2025 06:45:23.054 INFO [main] org.apache.catalina.startup.VersionLoggerListener.log Command line argument: -Dorg.aspectj.weaver.loadtime.configuration=aop.xml
17-May-2025 06:45:23.054 INFO [main] org.apache.catalina.startup.VersionLoggerListener.log Command line argument: -Dkieker.monitoring.skipDefaultAOPConfiguration=true
17-May-2025 06:45:23.054 INFO [main] org.apache.catalina.startup.VersionLoggerListener.log Command line argument: -Daj.weaving.loadersToSkip=java.net.URLClassLoader
17-May-2025 06:45:23.055 INFO [main] org.apache.catalina.startup.VersionLoggerListener.log Command line argument: -Dcom.sun.jndi.ldap.object.disableEndpointIdentification=true
17-May-2025 06:45:23.055 INFO [main] org.apache.catalina.startup.VersionLoggerListener.log Command line argument: -Djdk.tls.ephemeralDHKeySize=2048
17-May-2025 06:45:23.055 INFO [main] org.apache.catalina.startup.VersionLoggerListener.log Command line argument: -Djava.protocol.handler.pkgs=org.apache.catalina.webresources
17-May-2025 06:45:23.055 INFO [main] org.apache.catalina.startup.VersionLoggerListener.log Command line argument: -Dorg.apache.catalina.security.SecurityListener.UMASK=0027
17-May-2025 06:45:23.055 INFO [main] org.apache.catalina.startup.VersionLoggerListener.log Command line argument: -Dignore.endorsed.dirs=
17-May-2025 06:45:23.055 INFO [main] org.apache.catalina.startup.VersionLoggerListener.log Command line argument: -Dcatalina.base=/usr/local/tomcat
17-May-2025 06:45:23.055 INFO [main] org.apache.catalina.startup.VersionLoggerListener.log Command line argument: -Dcatalina.home=/usr/local/tomcat
17-May-2025 06:45:23.055 INFO [main] org.apache.catalina.startup.VersionLoggerListener.log Command line argument: -Djava.io.tmpdir=/usr/local/tomcat/temp
17-May-2025 06:45:23.065 INFO [main] org.apache.catalina.core.AprLifecycleListener.lifecycleEvent Loaded Apache Tomcat Native library [1.2.30] using APR version [1.6.5].
17-May-2025 06:45:23.065 INFO [main] org.apache.catalina.core.AprLifecycleListener.lifecycleEvent APR capabilities: IPv6 [true], sendfile [true], accept filters [false], random [true], UDS [true].
17-May-2025 06:45:23.073 INFO [main] org.apache.catalina.core.AprLifecycleListener.initializeSSL OpenSSL successfully initialized [OpenSSL 1.1.1d  10 Sep 2019]
17-May-2025 06:45:23.512 INFO [main] org.apache.coyote.AbstractProtocol.init Initializing ProtocolHandler ["http-nio-8080"]
17-May-2025 06:45:23.552 INFO [main] org.apache.coyote.AbstractProtocol.init Initializing ProtocolHandler ["ajp-nio-127.0.0.1-8009"]
17-May-2025 06:45:23.554 INFO [main] org.apache.catalina.startup.Catalina.load Server initialization in [729] milliseconds
17-May-2025 06:45:23.641 INFO [main] org.apache.catalina.core.StandardService.startInternal Starting service [Catalina]
17-May-2025 06:45:23.642 INFO [main] org.apache.catalina.core.StandardEngine.startInternal Starting Servlet engine: [Apache Tomcat/10.0.7]
17-May-2025 06:45:23.657 INFO [main] org.apache.catalina.startup.HostConfig.deployWAR Deploying web application archive [/usr/local/tomcat/webapps/tools.descartes.teastore.persistence.war]
17-May-2025 06:45:25.198 INFO [main] org.apache.jasper.servlet.TldScanner.scanJars At least one JAR was scanned for TLDs yet contained no TLDs. Enable debug logging for this logger for a complete list of JARs that were scanned but no TLDs were found in them. Skipping unneeded JARs during scanning can improve startup time and JSP compilation time.
17-May-2025 06:45:59.895 WARNING [main] org.glassfish.jersey.server.wadl.WadlFeature.configure JAX-B API not found . WADL feature is disabled.
17-May-2025 06:46:00.113 INFO [main] org.apache.catalina.startup.HostConfig.deployWAR Deployment of web application archive [/usr/local/tomcat/webapps/tools.descartes.teastore.persistence.war] has finished in [36,456] ms
17-May-2025 06:46:00.116 INFO [main] org.apache.coyote.AbstractProtocol.start Starting ProtocolHandler ["http-nio-8080"]
17-May-2025 06:46:00.122 INFO [main] org.apache.coyote.AbstractProtocol.start Starting ProtocolHandler ["ajp-nio-127.0.0.1-8009"]
17-May-2025 06:46:00.124 INFO [main] org.apache.catalina.startup.Catalina.start Server startup in [40073] milliseconds
17-May-2025 09:37:38.587 INFORMATION [main] org.apache.catalina.startup.VersionLoggerListener.log Server Version:        Apache Tomcat/10.0.7
17-May-2025 09:37:38.589 INFORMATION [main] org.apache.catalina.startup.VersionLoggerListener.log Server built:          Jun 8 2021 16:31:06 UTC
17-May-2025 09:37:38.589 INFORMATION [main] org.apache.catalina.startup.VersionLoggerListener.log Server version number: 10.0.7.0
17-May-2025 09:37:38.589 INFORMATION [main] org.apache.catalina.startup.VersionLoggerListener.log OS Name:               Windows 11
17-May-2025 09:37:38.589 INFORMATION [main] org.apache.catalina.startup.VersionLoggerListener.log OS Version:            10.0
17-May-2025 09:37:38.589 INFORMATION [main] org.apache.catalina.startup.VersionLoggerListener.log Architektur:           amd64
17-May-2025 09:37:38.589 INFORMATION [main] org.apache.catalina.startup.VersionLoggerListener.log Java Home:             C:\Program Files\Java\jdk-22
17-May-2025 09:37:38.589 INFORMATION [main] org.apache.catalina.startup.VersionLoggerListener.log JVM Version:           22.0.1+8-16
17-May-2025 09:37:38.589 INFORMATION [main] org.apache.catalina.startup.VersionLoggerListener.log JVM Hersteller:        Oracle Corporation
17-May-2025 09:37:38.589 INFORMATION [main] org.apache.catalina.startup.VersionLoggerListener.log CATALINA_BASE:         C:\Exchange\Github\TeaStore-Experiment\tomcat-persistence
17-May-2025 09:37:38.590 INFORMATION [main] org.apache.catalina.startup.VersionLoggerListener.log CATALINA_HOME:         C:\Exchange\Github\TeaStore-Experiment\tomcat-persistence
17-May-2025 09:37:38.594 INFORMATION [main] org.apache.catalina.startup.VersionLoggerListener.log Command line argument: -Djava.util.logging.config.file=C:\Exchange\Github\TeaStore-Experiment\tomcat-persistence\conf\logging.properties
17-May-2025 09:37:38.594 INFORMATION [main] org.apache.catalina.startup.VersionLoggerListener.log Command line argument: -Djava.util.logging.manager=org.apache.juli.ClassLoaderLogManager
17-May-2025 09:37:38.594 INFORMATION [main] org.apache.catalina.startup.VersionLoggerListener.log Command line argument: -Djdk.tls.ephemeralDHKeySize=2048
17-May-2025 09:37:38.594 INFORMATION [main] org.apache.catalina.startup.VersionLoggerListener.log Command line argument: -Djava.protocol.handler.pkgs=org.apache.catalina.webresources
17-May-2025 09:37:38.594 INFORMATION [main] org.apache.catalina.startup.VersionLoggerListener.log Command line argument: -Dsun.io.useCanonCaches=false
17-May-2025 09:37:38.594 INFORMATION [main] org.apache.catalina.startup.VersionLoggerListener.log Command line argument: --add-opens=java.base/java.lang=ALL-UNNAMED
17-May-2025 09:37:38.594 INFORMATION [main] org.apache.catalina.startup.VersionLoggerListener.log Command line argument: --add-opens=java.base/java.lang.reflect=ALL-UNNAMED
17-May-2025 09:37:38.594 INFORMATION [main] org.apache.catalina.startup.VersionLoggerListener.log Command line argument: --add-opens=java.base/java.io=ALL-UNNAMED
17-May-2025 09:37:38.595 INFORMATION [main] org.apache.catalina.startup.VersionLoggerListener.log Command line argument: --add-opens=java.base/java.util=ALL-UNNAMED
17-May-2025 09:37:38.595 INFORMATION [main] org.apache.catalina.startup.VersionLoggerListener.log Command line argument: --add-opens=java.base/java.util.concurrent=ALL-UNNAMED
17-May-2025 09:37:38.595 INFORMATION [main] org.apache.catalina.startup.VersionLoggerListener.log Command line argument: --add-opens=java.rmi/sun.rmi.transport=ALL-UNNAMED
17-May-2025 09:37:38.595 INFORMATION [main] org.apache.catalina.startup.VersionLoggerListener.log Command line argument: -Dcatalina.base=C:\Exchange\Github\TeaStore-Experiment\tomcat-persistence
17-May-2025 09:37:38.595 INFORMATION [main] org.apache.catalina.startup.VersionLoggerListener.log Command line argument: -Dcatalina.home=C:\Exchange\Github\TeaStore-Experiment\tomcat-persistence
17-May-2025 09:37:38.595 INFORMATION [main] org.apache.catalina.startup.VersionLoggerListener.log Command line argument: -Djava.io.tmpdir=C:\Exchange\Github\TeaStore-Experiment\tomcat-persistence\temp
17-May-2025 09:37:38.599 INFORMATION [main] org.apache.catalina.core.AprLifecycleListener.lifecycleEvent The Apache Tomcat Native library which allows using OpenSSL was not found on the java.library.path: [C:\Program Files\Java\jdk-22\bin;C:\WINDOWS\Sun\Java\bin;C:\WINDOWS\system32;C:\WINDOWS;C:\Python313\Scripts\;C:\Python313\;C:\tools\Anaconda3\Scripts\;C:\tools\Anaconda3\;C:\Python312\Scripts\;C:\Python312\;C:\Program Files\Common Files\Oracle\Java\javapath;C:\Program Files (x86)\Common Files\Oracle\Java\java8path;C:\Program Files (x86)\Common Files\Oracle\Java\javapath;C:\Program Files\Eclipse Adoptium\jdk-21.0.3.9-hotspot\bin;C:\Program Files (x86)\NVIDIA Corporation\PhysX\Common;C:\WINDOWS\system32;C:\WINDOWS;C:\WINDOWS\System32\Wbem;C:\WINDOWS\System32\WindowsPowerShell\v1.0\;C:\WINDOWS\System32\OpenSSH\;C:\ProgramData\chocolatey\bin;C:\Program Files\dotnet\;C:\Program Files\PuTTY\;C:\Program Files\Microsoft VS Code\bin;C:\Program Files\Calibre2\;C:\Program Files\gs\gs10.03.0\bin;C:\ProgramData\chocolatey\lib\maven\apache-maven-3.9.9\bin;C:\Program Files\Git\cmd;C:\Program Files\nodejs\;C:\Program Files\Pandoc\;C:\Program Files\Docker\Docker\resources\bin;C:\Strawberry\c\bin;C:\Strawberry\perl\site\bin;C:\Strawberry\perl\bin;C:\Users\micro\.pyenv\pyenv-win\bin;C:\Users\micro\.pyenv\pyenv-win\shims;C:\Users\micro\AppData\Local\Microsoft\WindowsApps;C:\Users\micro\AppData\Local\GitHubDesktop\bin;C:\Users\micro\AppData\Local\Programs\MiKTeX\miktex\bin\x64\;C:\Program Files\Oracle\VirtualBox;C:\Users\micro\AppData\Roaming\npm;%USERPROFILE%\AppData\Local\Microsoft\WindowsApps;;.]
17-May-2025 09:37:38.783 INFORMATION [main] org.apache.coyote.AbstractProtocol.init Initialisiere ProtocolHandler["http-nio-8080"]
17-May-2025 09:37:38.796 SCHWERWIEGEND [main] org.apache.catalina.util.LifecycleBase.handleSubClassException Konnte Komponente [Connector[HTTP/1.1-8080]] nicht initialisieren
	org.apache.catalina.LifecycleException: Protocol handler initialization failed
		at org.apache.catalina.connector.Connector.initInternal(Connector.java:1054)
		at org.apache.catalina.util.LifecycleBase.init(LifecycleBase.java:136)
		at org.apache.catalina.core.StandardService.initInternal(StandardService.java:561)
		at org.apache.catalina.util.LifecycleBase.init(LifecycleBase.java:136)
		at org.apache.catalina.core.StandardServer.initInternal(StandardServer.java:1049)
		at org.apache.catalina.util.LifecycleBase.init(LifecycleBase.java:136)
		at org.apache.catalina.startup.Catalina.load(Catalina.java:747)
		at org.apache.catalina.startup.Catalina.load(Catalina.java:769)
		at java.base/jdk.internal.reflect.DirectMethodHandleAccessor.invoke(DirectMethodHandleAccessor.java:103)
		at java.base/java.lang.reflect.Method.invoke(Method.java:580)
		at org.apache.catalina.startup.Bootstrap.load(Bootstrap.java:305)
		at org.apache.catalina.startup.Bootstrap.main(Bootstrap.java:475)
	Caused by: java.net.BindException: Address already in use: bind
		at java.base/sun.nio.ch.Net.bind0(Native Method)
		at java.base/sun.nio.ch.Net.bind(Net.java:565)
		at java.base/sun.nio.ch.ServerSocketChannelImpl.netBind(ServerSocketChannelImpl.java:344)
		at java.base/sun.nio.ch.ServerSocketChannelImpl.bind(ServerSocketChannelImpl.java:301)
		at org.apache.tomcat.util.net.NioEndpoint.initServerSocket(NioEndpoint.java:243)
		at org.apache.tomcat.util.net.NioEndpoint.bind(NioEndpoint.java:198)
		at org.apache.tomcat.util.net.AbstractEndpoint.bindWithCleanup(AbstractEndpoint.java:1179)
		at org.apache.tomcat.util.net.AbstractEndpoint.init(AbstractEndpoint.java:1192)
		at org.apache.coyote.AbstractProtocol.init(AbstractProtocol.java:580)
		at org.apache.coyote.http11.AbstractHttp11Protocol.init(AbstractHttp11Protocol.java:82)
		at org.apache.catalina.connector.Connector.initInternal(Connector.java:1051)
		... 11 more
17-May-2025 09:37:38.797 INFORMATION [main] org.apache.coyote.AbstractProtocol.init Initialisiere ProtocolHandler["ajp-nio-127.0.0.1-8009"]
17-May-2025 09:37:38.798 SCHWERWIEGEND [main] org.apache.catalina.util.LifecycleBase.handleSubClassException Konnte Komponente [Connector[AJP/1.3-8009]] nicht initialisieren
	org.apache.catalina.LifecycleException: Protocol handler initialization failed
		at org.apache.catalina.connector.Connector.initInternal(Connector.java:1054)
		at org.apache.catalina.util.LifecycleBase.init(LifecycleBase.java:136)
		at org.apache.catalina.core.StandardService.initInternal(StandardService.java:561)
		at org.apache.catalina.util.LifecycleBase.init(LifecycleBase.java:136)
		at org.apache.catalina.core.StandardServer.initInternal(StandardServer.java:1049)
		at org.apache.catalina.util.LifecycleBase.init(LifecycleBase.java:136)
		at org.apache.catalina.startup.Catalina.load(Catalina.java:747)
		at org.apache.catalina.startup.Catalina.load(Catalina.java:769)
		at java.base/jdk.internal.reflect.DirectMethodHandleAccessor.invoke(DirectMethodHandleAccessor.java:103)
		at java.base/java.lang.reflect.Method.invoke(Method.java:580)
		at org.apache.catalina.startup.Bootstrap.load(Bootstrap.java:305)
		at org.apache.catalina.startup.Bootstrap.main(Bootstrap.java:475)
	Caused by: java.net.BindException: Address already in use: bind
		at java.base/sun.nio.ch.Net.bind0(Native Method)
		at java.base/sun.nio.ch.Net.bind(Net.java:565)
		at java.base/sun.nio.ch.ServerSocketChannelImpl.netBind(ServerSocketChannelImpl.java:344)
		at java.base/sun.nio.ch.ServerSocketChannelImpl.bind(ServerSocketChannelImpl.java:301)
		at org.apache.tomcat.util.net.NioEndpoint.initServerSocket(NioEndpoint.java:243)
		at org.apache.tomcat.util.net.NioEndpoint.bind(NioEndpoint.java:198)
		at org.apache.tomcat.util.net.AbstractEndpoint.bindWithCleanup(AbstractEndpoint.java:1179)
		at org.apache.tomcat.util.net.AbstractEndpoint.init(AbstractEndpoint.java:1192)
		at org.apache.coyote.AbstractProtocol.init(AbstractProtocol.java:580)
		at org.apache.catalina.connector.Connector.initInternal(Connector.java:1051)
		... 11 more
17-May-2025 09:37:38.799 INFORMATION [main] org.apache.catalina.startup.Catalina.load Server initialization in [324] milliseconds
17-May-2025 09:37:38.828 INFORMATION [main] org.apache.catalina.core.StandardService.startInternal Starting service [Catalina]
17-May-2025 09:37:38.828 INFORMATION [main] org.apache.catalina.core.StandardEngine.startInternal Starting Servlet engine: [Apache Tomcat/10.0.7]
17-May-2025 09:37:38.843 INFORMATION [main] org.apache.catalina.startup.HostConfig.deployWAR Deploying web application archive [C:\Exchange\Github\TeaStore-Experiment\tomcat-persistence\webapps\tools.descartes.teastore.persistence.war]
17-May-2025 09:37:41.628 INFORMATION [main] org.apache.jasper.servlet.TldScanner.scanJars At least one JAR was scanned for TLDs yet contained no TLDs. Enable debug logging for this logger for a complete list of JARs that were scanned but no TLDs were found in them. Skipping unneeded JARs during scanning can improve startup time and JSP compilation time.
